[2026-05-27 19:14:10,977: INFO: main: >>>>>>> Stage Data Ingestion Stage started <<<<<<<]
[2026-05-27 19:14:10,978: INFO: common: yaml file: config/config.yaml loaded successfully]
[2026-05-27 19:14:10,978: INFO: common: yaml file: params.yaml loaded successfully]
[2026-05-27 19:14:10,979: INFO: common: yaml file: schema.yaml loaded successfully]
[2026-05-27 19:14:10,979: INFO: common: created directory at: artifacts]
[2026-05-27 19:14:10,979: INFO: common: created directory at: artifacts/data_ingestion]
[2026-05-27 19:14:11,677: INFO: data_ingestion: artifacts/data_ingestion/data.zip download! with following info: 
Connection: close
Content-Length: 23329
Cache-Control: max-age=300
Content-Security-Policy: default-src 'none'; style-src 'unsafe-inline'; sandbox
Content-Type: application/zip
ETag: "c69888a4ae59bc5a893392785a938ccd4937981c06ba8a9d6a21aa52b4ab5b6e"
Strict-Transport-Security: max-age=31536000
X-Content-Type-Options: nosniff
X-Frame-Options: deny
X-XSS-Protection: 1; mode=block
X-GitHub-Request-Id: 4B8C:334048:3E6FF2:44AD4C:6A172663
Accept-Ranges: bytes
Date: Wed, 27 May 2026 17:14:11 GMT
Via: 1.1 varnish
X-Served-By: cache-par-lfpg1960041-PAR
X-Cache: MISS
X-Cache-Hits: 0
X-Timer: S1779902051.491766,VS0,VE200
Vary: Authorization,Accept-Encoding
Access-Control-Allow-Origin: *
Cross-Origin-Resource-Policy: cross-origin
X-Fastly-Request-ID: bb0d008392f6fd154bfdc830fed1f93ca099680c
Expires: Wed, 27 May 2026 17:19:11 GMT
Source-Age: 0

]
[2026-05-27 19:14:11,677: INFO: main: >>>>>>> Stage Data Ingestion Stage completed <<<<<<<

x==========x]
[2026-05-27 19:14:11,678: INFO: main: >>>>>>> Stage Data Validation Stage started <<<<<<<]
[2026-05-27 19:14:11,679: INFO: common: yaml file: config/config.yaml loaded successfully]
[2026-05-27 19:14:11,679: INFO: common: yaml file: params.yaml loaded successfully]
[2026-05-27 19:14:11,680: INFO: common: yaml file: schema.yaml loaded successfully]
[2026-05-27 19:14:11,680: INFO: common: created directory at: artifacts]
[2026-05-27 19:14:11,680: INFO: common: created directory at: artifacts/data_validation]
[2026-05-27 19:14:11,683: INFO: data_validation: All columns are valid]
[2026-05-27 19:14:11,683: INFO: main: >>>>>>> Stage Data Validation Stage completed <<<<<<<

x==========x]
[2026-05-27 19:14:11,683: INFO: main: >>>>>>> Stage Data Transformation Stage started <<<<<<<]
[2026-05-27 19:14:11,683: INFO: data_transformation_pipeline: Data validation successful. Proceeding with data transformation.]
[2026-05-27 19:14:11,684: INFO: common: yaml file: config/config.yaml loaded successfully]
[2026-05-27 19:14:11,685: INFO: common: yaml file: params.yaml loaded successfully]
[2026-05-27 19:14:11,685: INFO: common: yaml file: schema.yaml loaded successfully]
[2026-05-27 19:14:11,686: INFO: common: created directory at: artifacts]
[2026-05-27 19:14:11,686: INFO: common: created directory at: artifacts/data_transformation]
[2026-05-27 19:14:11,696: INFO: data_transformation: Splited data into training and test sets]
[2026-05-27 19:14:11,696: INFO: data_transformation: (1199, 12)]
[2026-05-27 19:14:11,696: INFO: data_transformation: (400, 12)]
[2026-05-27 19:14:11,696: INFO: main: >>>>>>> Stage Data Transformation Stage completed <<<<<<<

x==========x]
[2026-05-27 19:14:11,696: INFO: main: >>>>>>> Stage Model Trainer Stage started <<<<<<<]
[2026-05-27 19:14:11,750: INFO: common: yaml file: config/config.yaml loaded successfully]
[2026-05-27 19:14:11,750: INFO: common: yaml file: params.yaml loaded successfully]
[2026-05-27 19:14:11,750: INFO: common: yaml file: schema.yaml loaded successfully]
[2026-05-27 19:14:11,750: INFO: common: created directory at: artifacts]
[2026-05-27 19:14:11,750: INFO: common: created directory at: artifacts/model_trainer]
[2026-05-27 19:14:11,753: INFO: main: >>>>>>> Stage Model Trainer Stage completed <<<<<<<

x==========x]
[2026-05-27 19:48:22,297: INFO: main: >>>>>>> Stage Data Ingestion Stage started <<<<<<<]
[2026-05-27 19:48:22,298: INFO: common: yaml file: config/config.yaml loaded successfully]
[2026-05-27 19:48:22,298: INFO: common: yaml file: params.yaml loaded successfully]
[2026-05-27 19:48:22,299: INFO: common: yaml file: schema.yaml loaded successfully]
[2026-05-27 19:48:22,299: INFO: common: created directory at: artifacts]
[2026-05-27 19:48:22,299: INFO: common: created directory at: artifacts/data_ingestion]
[2026-05-27 19:48:22,299: INFO: data_ingestion: File already exists]
[2026-05-27 19:48:22,299: INFO: main: >>>>>>> Stage Data Ingestion Stage completed <<<<<<<

x==========x]
[2026-05-27 19:48:22,299: INFO: main: >>>>>>> Stage Data Validation Stage started <<<<<<<]
[2026-05-27 19:48:22,300: INFO: common: yaml file: config/config.yaml loaded successfully]
[2026-05-27 19:48:22,300: INFO: common: yaml file: params.yaml loaded successfully]
[2026-05-27 19:48:22,301: INFO: common: yaml file: schema.yaml loaded successfully]
[2026-05-27 19:48:22,301: INFO: common: created directory at: artifacts]
[2026-05-27 19:48:22,301: INFO: common: created directory at: artifacts/data_validation]
[2026-05-27 19:48:22,302: INFO: data_validation: All columns are valid]
[2026-05-27 19:48:22,302: INFO: main: >>>>>>> Stage Data Validation Stage completed <<<<<<<

x==========x]
[2026-05-27 19:48:22,302: INFO: main: >>>>>>> Stage Data Transformation Stage started <<<<<<<]
[2026-05-27 19:48:22,302: INFO: data_transformation_pipeline: Data validation successful. Proceeding with data transformation.]
[2026-05-27 19:48:22,303: INFO: common: yaml file: config/config.yaml loaded successfully]
[2026-05-27 19:48:22,303: INFO: common: yaml file: params.yaml loaded successfully]
[2026-05-27 19:48:22,303: INFO: common: yaml file: schema.yaml loaded successfully]
[2026-05-27 19:48:22,304: INFO: common: created directory at: artifacts]
[2026-05-27 19:48:22,304: INFO: common: created directory at: artifacts/data_transformation]
[2026-05-27 19:48:22,310: INFO: data_transformation: Splited data into training and test sets]
[2026-05-27 19:48:22,310: INFO: data_transformation: (1199, 12)]
[2026-05-27 19:48:22,310: INFO: data_transformation: (400, 12)]
[2026-05-27 19:48:22,310: INFO: main: >>>>>>> Stage Data Transformation Stage completed <<<<<<<

x==========x]
[2026-05-27 19:48:22,310: INFO: main: >>>>>>> Stage Model Trainer Stage started <<<<<<<]
[2026-05-27 19:48:22,310: INFO: common: yaml file: config/config.yaml loaded successfully]
[2026-05-27 19:48:22,311: INFO: common: yaml file: params.yaml loaded successfully]
[2026-05-27 19:48:22,311: INFO: common: yaml file: schema.yaml loaded successfully]
[2026-05-27 19:48:22,311: INFO: common: created directory at: artifacts]
[2026-05-27 19:48:22,311: INFO: common: created directory at: artifacts/model_trainer]
[2026-05-27 19:48:22,313: INFO: main: >>>>>>> Stage Model Trainer Stage completed <<<<<<<

x==========x]
[2026-05-27 19:48:22,313: INFO: main: >>>>>>> Stage Model Evaluation Stage started <<<<<<<]
[2026-05-27 19:48:22,314: INFO: common: yaml file: config/config.yaml loaded successfully]
[2026-05-27 19:48:22,314: INFO: common: yaml file: params.yaml loaded successfully]
[2026-05-27 19:48:22,314: INFO: common: yaml file: schema.yaml loaded successfully]
[2026-05-27 19:48:22,314: INFO: common: created directory at: artifacts]
[2026-05-27 19:48:22,314: INFO: common: created directory at: artifacts/model_evaluation]
[2026-05-27 19:48:24,795: ERROR: model_evaluator_pipeline: got an unexpected keyword argument 'squared']
Traceback (most recent call last):
  File "/Users/xenan.bilgin/Projects/MLops/mlops-project1-wine-quality/src/mlops1_data_science_project/pipeline/model_evaluator_pipeline.py", line 15, in initiate_model_evaluation
    model_evaluator.log_mlflow()
  File "/Users/xenan.bilgin/Projects/MLops/mlops-project1-wine-quality/src/mlops1_data_science_project/components/model_evaluator.py", line 41, in log_mlflow
    rmse, r2, mae = self.eval_metrics(text_y, y_pred)
                    ^^^^^^^^^^^^^^^^^^^^^^^^^^^^^^^^^
  File "/Users/xenan.bilgin/Projects/MLops/mlops-project1-wine-quality/src/mlops1_data_science_project/components/model_evaluator.py", line 18, in eval_metrics
    rmse = mean_squared_error(y_true, y_pred, squared=False)
           ^^^^^^^^^^^^^^^^^^^^^^^^^^^^^^^^^^^^^^^^^^^^^^^^^
  File "/Users/xenan.bilgin/Projects/MLops/mlops-project1-wine-quality/venv/lib/python3.12/site-packages/sklearn/utils/_param_validation.py", line 196, in wrapper
    params = func_sig.bind(*args, **kwargs)
             ^^^^^^^^^^^^^^^^^^^^^^^^^^^^^^
  File "/opt/homebrew/Cellar/python@3.12/3.12.13_2/Frameworks/Python.framework/Versions/3.12/lib/python3.12/inspect.py", line 3280, in bind
    return self._bind(args, kwargs)
           ^^^^^^^^^^^^^^^^^^^^^^^^
  File "/opt/homebrew/Cellar/python@3.12/3.12.13_2/Frameworks/Python.framework/Versions/3.12/lib/python3.12/inspect.py", line 3269, in _bind
    raise TypeError(
TypeError: got an unexpected keyword argument 'squared'
[2026-05-27 19:48:24,803: ERROR: main: got an unexpected keyword argument 'squared']
Traceback (most recent call last):
  File "/Users/xenan.bilgin/Projects/MLops/mlops-project1-wine-quality/main.py", line 66, in <module>
    pipeline.initiate_model_evaluation()
  File "/Users/xenan.bilgin/Projects/MLops/mlops-project1-wine-quality/src/mlops1_data_science_project/pipeline/model_evaluator_pipeline.py", line 18, in initiate_model_evaluation
    raise e
  File "/Users/xenan.bilgin/Projects/MLops/mlops-project1-wine-quality/src/mlops1_data_science_project/pipeline/model_evaluator_pipeline.py", line 15, in initiate_model_evaluation
    model_evaluator.log_mlflow()
  File "/Users/xenan.bilgin/Projects/MLops/mlops-project1-wine-quality/src/mlops1_data_science_project/components/model_evaluator.py", line 41, in log_mlflow
    rmse, r2, mae = self.eval_metrics(text_y, y_pred)
                    ^^^^^^^^^^^^^^^^^^^^^^^^^^^^^^^^^
  File "/Users/xenan.bilgin/Projects/MLops/mlops-project1-wine-quality/src/mlops1_data_science_project/components/model_evaluator.py", line 18, in eval_metrics
    rmse = mean_squared_error(y_true, y_pred, squared=False)
           ^^^^^^^^^^^^^^^^^^^^^^^^^^^^^^^^^^^^^^^^^^^^^^^^^
  File "/Users/xenan.bilgin/Projects/MLops/mlops-project1-wine-quality/venv/lib/python3.12/site-packages/sklearn/utils/_param_validation.py", line 196, in wrapper
    params = func_sig.bind(*args, **kwargs)
             ^^^^^^^^^^^^^^^^^^^^^^^^^^^^^^
  File "/opt/homebrew/Cellar/python@3.12/3.12.13_2/Frameworks/Python.framework/Versions/3.12/lib/python3.12/inspect.py", line 3280, in bind
    return self._bind(args, kwargs)
           ^^^^^^^^^^^^^^^^^^^^^^^^
  File "/opt/homebrew/Cellar/python@3.12/3.12.13_2/Frameworks/Python.framework/Versions/3.12/lib/python3.12/inspect.py", line 3269, in _bind
    raise TypeError(
TypeError: got an unexpected keyword argument 'squared'
[2026-05-27 19:49:53,970: INFO: utils: Note: NumExpr detected 14 cores but "NUMEXPR_MAX_THREADS" not set, so enforcing safe limit of 8.]
[2026-05-27 19:49:53,970: INFO: utils: NumExpr defaulting to 8 threads.]
[2026-05-27 19:49:55,770: INFO: main: >>>>>>> Stage Data Ingestion Stage started <<<<<<<]
[2026-05-27 19:49:55,771: INFO: common: yaml file: config/config.yaml loaded successfully]
[2026-05-27 19:49:55,772: INFO: common: yaml file: params.yaml loaded successfully]
[2026-05-27 19:49:55,772: INFO: common: yaml file: schema.yaml loaded successfully]
[2026-05-27 19:49:55,772: INFO: common: created directory at: artifacts]
[2026-05-27 19:49:55,772: INFO: common: created directory at: artifacts/data_ingestion]
[2026-05-27 19:49:55,772: INFO: data_ingestion: File already exists]
[2026-05-27 19:49:55,773: INFO: main: >>>>>>> Stage Data Ingestion Stage completed <<<<<<<

x==========x]
[2026-05-27 19:49:55,773: INFO: main: >>>>>>> Stage Data Validation Stage started <<<<<<<]
[2026-05-27 19:49:55,774: INFO: common: yaml file: config/config.yaml loaded successfully]
[2026-05-27 19:49:55,774: INFO: common: yaml file: params.yaml loaded successfully]
[2026-05-27 19:49:55,774: INFO: common: yaml file: schema.yaml loaded successfully]
[2026-05-27 19:49:55,774: INFO: common: created directory at: artifacts]
[2026-05-27 19:49:55,774: INFO: common: created directory at: artifacts/data_validation]
[2026-05-27 19:49:55,778: INFO: data_validation: All columns are valid]
[2026-05-27 19:49:55,778: INFO: main: >>>>>>> Stage Data Validation Stage completed <<<<<<<

x==========x]
[2026-05-27 19:49:55,778: INFO: main: >>>>>>> Stage Data Transformation Stage started <<<<<<<]
[2026-05-27 19:49:55,778: INFO: data_transformation_pipeline: Data validation successful. Proceeding with data transformation.]
[2026-05-27 19:49:55,779: INFO: common: yaml file: config/config.yaml loaded successfully]
[2026-05-27 19:49:55,779: INFO: common: yaml file: params.yaml loaded successfully]
[2026-05-27 19:49:55,779: INFO: common: yaml file: schema.yaml loaded successfully]
[2026-05-27 19:49:55,779: INFO: common: created directory at: artifacts]
[2026-05-27 19:49:55,779: INFO: common: created directory at: artifacts/data_transformation]
[2026-05-27 19:49:55,788: INFO: data_transformation: Splited data into training and test sets]
[2026-05-27 19:49:55,788: INFO: data_transformation: (1199, 12)]
[2026-05-27 19:49:55,788: INFO: data_transformation: (400, 12)]
[2026-05-27 19:49:55,788: INFO: main: >>>>>>> Stage Data Transformation Stage completed <<<<<<<

x==========x]
[2026-05-27 19:49:55,788: INFO: main: >>>>>>> Stage Model Trainer Stage started <<<<<<<]
[2026-05-27 19:49:55,789: INFO: common: yaml file: config/config.yaml loaded successfully]
[2026-05-27 19:49:55,789: INFO: common: yaml file: params.yaml loaded successfully]
[2026-05-27 19:49:55,789: INFO: common: yaml file: schema.yaml loaded successfully]
[2026-05-27 19:49:55,789: INFO: common: created directory at: artifacts]
[2026-05-27 19:49:55,789: INFO: common: created directory at: artifacts/model_trainer]
[2026-05-27 19:49:55,794: INFO: main: >>>>>>> Stage Model Trainer Stage completed <<<<<<<

x==========x]
[2026-05-27 19:49:55,794: INFO: main: >>>>>>> Stage Model Evaluation Stage started <<<<<<<]
[2026-05-27 19:49:55,794: INFO: common: yaml file: config/config.yaml loaded successfully]
[2026-05-27 19:49:55,795: INFO: common: yaml file: params.yaml loaded successfully]
[2026-05-27 19:49:55,795: INFO: common: yaml file: schema.yaml loaded successfully]
[2026-05-27 19:49:55,795: INFO: common: created directory at: artifacts]
[2026-05-27 19:49:55,795: INFO: common: created directory at: artifacts/model_evaluation]
[2026-05-27 19:49:55,795: ERROR: model_evaluator_pipeline: Required environment variable 'MLFLOW_TRACKING_URI' is not set]
Traceback (most recent call last):
  File "/Users/xenan.bilgin/Projects/MLops/mlops-project1-wine-quality/src/mlops1_data_science_project/pipeline/model_evaluator_pipeline.py", line 13, in initiate_model_evaluation
    model_eval_config = config_manager.get_model_eval_config()
                        ^^^^^^^^^^^^^^^^^^^^^^^^^^^^^^^^^^^^^^
  File "/Users/xenan.bilgin/Projects/MLops/mlops-project1-wine-quality/src/mlops1_data_science_project/config/configuration.py", line 91, in get_model_eval_config
    raise ValueError(
ValueError: Required environment variable 'MLFLOW_TRACKING_URI' is not set
[2026-05-27 19:49:55,796: ERROR: main: Required environment variable 'MLFLOW_TRACKING_URI' is not set]
Traceback (most recent call last):
  File "/Users/xenan.bilgin/Projects/MLops/mlops-project1-wine-quality/main.py", line 66, in <module>
    pipeline.initiate_model_evaluation()
  File "/Users/xenan.bilgin/Projects/MLops/mlops-project1-wine-quality/src/mlops1_data_science_project/pipeline/model_evaluator_pipeline.py", line 18, in initiate_model_evaluation
    raise e
  File "/Users/xenan.bilgin/Projects/MLops/mlops-project1-wine-quality/src/mlops1_data_science_project/pipeline/model_evaluator_pipeline.py", line 13, in initiate_model_evaluation
    model_eval_config = config_manager.get_model_eval_config()
                        ^^^^^^^^^^^^^^^^^^^^^^^^^^^^^^^^^^^^^^
  File "/Users/xenan.bilgin/Projects/MLops/mlops-project1-wine-quality/src/mlops1_data_science_project/config/configuration.py", line 91, in get_model_eval_config
    raise ValueError(
ValueError: Required environment variable 'MLFLOW_TRACKING_URI' is not set
[2026-05-27 19:57:10,813: INFO: utils: Note: NumExpr detected 14 cores but "NUMEXPR_MAX_THREADS" not set, so enforcing safe limit of 8.]
[2026-05-27 19:57:10,813: INFO: utils: NumExpr defaulting to 8 threads.]
[2026-05-27 19:57:11,656: INFO: main: >>>>>>> Stage Data Ingestion Stage started <<<<<<<]
[2026-05-27 19:57:11,658: INFO: common: yaml file: config/config.yaml loaded successfully]
[2026-05-27 19:57:11,659: INFO: common: yaml file: params.yaml loaded successfully]
[2026-05-27 19:57:11,659: INFO: common: yaml file: schema.yaml loaded successfully]
[2026-05-27 19:57:11,659: INFO: common: created directory at: artifacts]
[2026-05-27 19:57:11,659: INFO: common: created directory at: artifacts/data_ingestion]
[2026-05-27 19:57:11,659: INFO: data_ingestion: File already exists]
[2026-05-27 19:57:11,660: INFO: main: >>>>>>> Stage Data Ingestion Stage completed <<<<<<<

x==========x]
[2026-05-27 19:57:11,660: INFO: main: >>>>>>> Stage Data Validation Stage started <<<<<<<]
[2026-05-27 19:57:11,661: INFO: common: yaml file: config/config.yaml loaded successfully]
[2026-05-27 19:57:11,661: INFO: common: yaml file: params.yaml loaded successfully]
[2026-05-27 19:57:11,661: INFO: common: yaml file: schema.yaml loaded successfully]
[2026-05-27 19:57:11,661: INFO: common: created directory at: artifacts]
[2026-05-27 19:57:11,661: INFO: common: created directory at: artifacts/data_validation]
[2026-05-27 19:57:11,662: INFO: data_validation: All columns are valid]
[2026-05-27 19:57:11,662: INFO: main: >>>>>>> Stage Data Validation Stage completed <<<<<<<

x==========x]
[2026-05-27 19:57:11,663: INFO: main: >>>>>>> Stage Data Transformation Stage started <<<<<<<]
[2026-05-27 19:57:11,663: INFO: data_transformation_pipeline: Data validation successful. Proceeding with data transformation.]
[2026-05-27 19:57:11,663: INFO: common: yaml file: config/config.yaml loaded successfully]
[2026-05-27 19:57:11,663: INFO: common: yaml file: params.yaml loaded successfully]
[2026-05-27 19:57:11,664: INFO: common: yaml file: schema.yaml loaded successfully]
[2026-05-27 19:57:11,664: INFO: common: created directory at: artifacts]
[2026-05-27 19:57:11,664: INFO: common: created directory at: artifacts/data_transformation]
[2026-05-27 19:57:11,669: INFO: data_transformation: Splited data into training and test sets]
[2026-05-27 19:57:11,669: INFO: data_transformation: (1199, 12)]
[2026-05-27 19:57:11,669: INFO: data_transformation: (400, 12)]
[2026-05-27 19:57:11,669: INFO: main: >>>>>>> Stage Data Transformation Stage completed <<<<<<<

x==========x]
[2026-05-27 19:57:11,669: INFO: main: >>>>>>> Stage Model Trainer Stage started <<<<<<<]
[2026-05-27 19:57:11,670: INFO: common: yaml file: config/config.yaml loaded successfully]
[2026-05-27 19:57:11,670: INFO: common: yaml file: params.yaml loaded successfully]
[2026-05-27 19:57:11,671: INFO: common: yaml file: schema.yaml loaded successfully]
[2026-05-27 19:57:11,671: INFO: common: created directory at: artifacts]
[2026-05-27 19:57:11,671: INFO: common: created directory at: artifacts/model_trainer]
[2026-05-27 19:57:11,673: INFO: main: >>>>>>> Stage Model Trainer Stage completed <<<<<<<

x==========x]
[2026-05-27 19:57:11,673: INFO: main: >>>>>>> Stage Model Evaluation Stage started <<<<<<<]
[2026-05-27 19:57:11,674: INFO: common: yaml file: config/config.yaml loaded successfully]
[2026-05-27 19:57:11,674: INFO: common: yaml file: params.yaml loaded successfully]
[2026-05-27 19:57:11,675: INFO: common: yaml file: schema.yaml loaded successfully]
[2026-05-27 19:57:11,675: INFO: common: created directory at: artifacts]
[2026-05-27 19:57:11,675: INFO: common: created directory at: artifacts/model_evaluation]
[2026-05-27 19:57:12,714: ERROR: model_evaluator_pipeline: API request to endpoint /api/2.0/mlflow/runs/create failed with error code 403 != 200. Response body: '']
Traceback (most recent call last):
  File "/Users/xenan.bilgin/Projects/MLops/mlops-project1-wine-quality/src/mlops1_data_science_project/pipeline/model_evaluator_pipeline.py", line 15, in initiate_model_evaluation
    model_evaluator.log_mlflow()
  File "/Users/xenan.bilgin/Projects/MLops/mlops-project1-wine-quality/src/mlops1_data_science_project/components/model_evaluator.py", line 38, in log_mlflow
    with mlflow.start_run(run_name="Model Evaluation"):
         ^^^^^^^^^^^^^^^^^^^^^^^^^^^^^^^^^^^^^^^^^^^^^
  File "/opt/miniconda3/lib/python3.12/site-packages/mlflow/tracking/fluent.py", line 475, in start_run
    active_run_obj = client.create_run(
                     ^^^^^^^^^^^^^^^^^^
  File "/opt/miniconda3/lib/python3.12/site-packages/mlflow/tracking/client.py", line 479, in create_run
    return self._tracking_client.create_run(experiment_id, start_time, tags, run_name)
           ^^^^^^^^^^^^^^^^^^^^^^^^^^^^^^^^^^^^^^^^^^^^^^^^^^^^^^^^^^^^^^^^^^^^^^^^^^^
  File "/opt/miniconda3/lib/python3.12/site-packages/mlflow/telemetry/track.py", line 30, in wrapper
    result = func(*args, **kwargs)
             ^^^^^^^^^^^^^^^^^^^^^
  File "/opt/miniconda3/lib/python3.12/site-packages/mlflow/tracking/_tracking_service/client.py", line 183, in create_run
    return self.store.create_run(
           ^^^^^^^^^^^^^^^^^^^^^^
  File "/opt/miniconda3/lib/python3.12/site-packages/mlflow/store/tracking/rest_store.py", line 338, in create_run
    response_proto = self._call_endpoint(CreateRun, req_body)
                     ^^^^^^^^^^^^^^^^^^^^^^^^^^^^^^^^^^^^^^^^
  File "/opt/miniconda3/lib/python3.12/site-packages/mlflow/store/tracking/rest_store.py", line 201, in _call_endpoint
    return call_endpoint(
           ^^^^^^^^^^^^^^
  File "/opt/miniconda3/lib/python3.12/site-packages/mlflow/utils/rest_utils.py", line 571, in call_endpoint
    response = verify_rest_response(response, endpoint)
               ^^^^^^^^^^^^^^^^^^^^^^^^^^^^^^^^^^^^^^^^
  File "/opt/miniconda3/lib/python3.12/site-packages/mlflow/utils/rest_utils.py", line 317, in verify_rest_response
    raise MlflowException(
mlflow.exceptions.MlflowException: API request to endpoint /api/2.0/mlflow/runs/create failed with error code 403 != 200. Response body: ''
[2026-05-27 19:57:12,720: ERROR: main: API request to endpoint /api/2.0/mlflow/runs/create failed with error code 403 != 200. Response body: '']
Traceback (most recent call last):
  File "/Users/xenan.bilgin/Projects/MLops/mlops-project1-wine-quality/main.py", line 64, in <module>
    pipeline.initiate_model_evaluation()
  File "/Users/xenan.bilgin/Projects/MLops/mlops-project1-wine-quality/src/mlops1_data_science_project/pipeline/model_evaluator_pipeline.py", line 18, in initiate_model_evaluation
    raise e
  File "/Users/xenan.bilgin/Projects/MLops/mlops-project1-wine-quality/src/mlops1_data_science_project/pipeline/model_evaluator_pipeline.py", line 15, in initiate_model_evaluation
    model_evaluator.log_mlflow()
  File "/Users/xenan.bilgin/Projects/MLops/mlops-project1-wine-quality/src/mlops1_data_science_project/components/model_evaluator.py", line 38, in log_mlflow
    with mlflow.start_run(run_name="Model Evaluation"):
         ^^^^^^^^^^^^^^^^^^^^^^^^^^^^^^^^^^^^^^^^^^^^^
  File "/opt/miniconda3/lib/python3.12/site-packages/mlflow/tracking/fluent.py", line 475, in start_run
    active_run_obj = client.create_run(
                     ^^^^^^^^^^^^^^^^^^
  File "/opt/miniconda3/lib/python3.12/site-packages/mlflow/tracking/client.py", line 479, in create_run
    return self._tracking_client.create_run(experiment_id, start_time, tags, run_name)
           ^^^^^^^^^^^^^^^^^^^^^^^^^^^^^^^^^^^^^^^^^^^^^^^^^^^^^^^^^^^^^^^^^^^^^^^^^^^
  File "/opt/miniconda3/lib/python3.12/site-packages/mlflow/telemetry/track.py", line 30, in wrapper
    result = func(*args, **kwargs)
             ^^^^^^^^^^^^^^^^^^^^^
  File "/opt/miniconda3/lib/python3.12/site-packages/mlflow/tracking/_tracking_service/client.py", line 183, in create_run
    return self.store.create_run(
           ^^^^^^^^^^^^^^^^^^^^^^
  File "/opt/miniconda3/lib/python3.12/site-packages/mlflow/store/tracking/rest_store.py", line 338, in create_run
    response_proto = self._call_endpoint(CreateRun, req_body)
                     ^^^^^^^^^^^^^^^^^^^^^^^^^^^^^^^^^^^^^^^^
  File "/opt/miniconda3/lib/python3.12/site-packages/mlflow/store/tracking/rest_store.py", line 201, in _call_endpoint
    return call_endpoint(
           ^^^^^^^^^^^^^^
  File "/opt/miniconda3/lib/python3.12/site-packages/mlflow/utils/rest_utils.py", line 571, in call_endpoint
    response = verify_rest_response(response, endpoint)
               ^^^^^^^^^^^^^^^^^^^^^^^^^^^^^^^^^^^^^^^^
  File "/opt/miniconda3/lib/python3.12/site-packages/mlflow/utils/rest_utils.py", line 317, in verify_rest_response
    raise MlflowException(
mlflow.exceptions.MlflowException: API request to endpoint /api/2.0/mlflow/runs/create failed with error code 403 != 200. Response body: ''
[2026-05-27 19:58:08,031: INFO: main: >>>>>>> Stage Data Ingestion Stage started <<<<<<<]
[2026-05-27 19:58:08,032: INFO: common: yaml file: config/config.yaml loaded successfully]
[2026-05-27 19:58:08,032: INFO: common: yaml file: params.yaml loaded successfully]
[2026-05-27 19:58:08,033: INFO: common: yaml file: schema.yaml loaded successfully]
[2026-05-27 19:58:08,033: INFO: common: created directory at: artifacts]
[2026-05-27 19:58:08,033: INFO: common: created directory at: artifacts/data_ingestion]
[2026-05-27 19:58:08,033: INFO: data_ingestion: File already exists]
[2026-05-27 19:58:08,033: INFO: main: >>>>>>> Stage Data Ingestion Stage completed <<<<<<<

x==========x]
[2026-05-27 19:58:08,033: INFO: main: >>>>>>> Stage Data Validation Stage started <<<<<<<]
[2026-05-27 19:58:08,034: INFO: common: yaml file: config/config.yaml loaded successfully]
[2026-05-27 19:58:08,034: INFO: common: yaml file: params.yaml loaded successfully]
[2026-05-27 19:58:08,035: INFO: common: yaml file: schema.yaml loaded successfully]
[2026-05-27 19:58:08,035: INFO: common: created directory at: artifacts]
[2026-05-27 19:58:08,035: INFO: common: created directory at: artifacts/data_validation]
[2026-05-27 19:58:08,036: INFO: data_validation: All columns are valid]
[2026-05-27 19:58:08,036: INFO: main: >>>>>>> Stage Data Validation Stage completed <<<<<<<

x==========x]
[2026-05-27 19:58:08,036: INFO: main: >>>>>>> Stage Data Transformation Stage started <<<<<<<]
[2026-05-27 19:58:08,036: INFO: data_transformation_pipeline: Data validation successful. Proceeding with data transformation.]
[2026-05-27 19:58:08,037: INFO: common: yaml file: config/config.yaml loaded successfully]
[2026-05-27 19:58:08,037: INFO: common: yaml file: params.yaml loaded successfully]
[2026-05-27 19:58:08,037: INFO: common: yaml file: schema.yaml loaded successfully]
[2026-05-27 19:58:08,037: INFO: common: created directory at: artifacts]
[2026-05-27 19:58:08,037: INFO: common: created directory at: artifacts/data_transformation]
[2026-05-27 19:58:08,043: INFO: data_transformation: Splited data into training and test sets]
[2026-05-27 19:58:08,043: INFO: data_transformation: (1199, 12)]
[2026-05-27 19:58:08,044: INFO: data_transformation: (400, 12)]
[2026-05-27 19:58:08,044: INFO: main: >>>>>>> Stage Data Transformation Stage completed <<<<<<<

x==========x]
[2026-05-27 19:58:08,044: INFO: main: >>>>>>> Stage Model Trainer Stage started <<<<<<<]
[2026-05-27 19:58:08,044: INFO: common: yaml file: config/config.yaml loaded successfully]
[2026-05-27 19:58:08,044: INFO: common: yaml file: params.yaml loaded successfully]
[2026-05-27 19:58:08,045: INFO: common: yaml file: schema.yaml loaded successfully]
[2026-05-27 19:58:08,045: INFO: common: created directory at: artifacts]
[2026-05-27 19:58:08,045: INFO: common: created directory at: artifacts/model_trainer]
[2026-05-27 19:58:08,047: INFO: main: >>>>>>> Stage Model Trainer Stage completed <<<<<<<

x==========x]
[2026-05-27 19:58:08,047: INFO: main: >>>>>>> Stage Model Evaluation Stage started <<<<<<<]
[2026-05-27 19:58:08,048: INFO: common: yaml file: config/config.yaml loaded successfully]
[2026-05-27 19:58:08,048: INFO: common: yaml file: params.yaml loaded successfully]
[2026-05-27 19:58:08,048: INFO: common: yaml file: schema.yaml loaded successfully]
[2026-05-27 19:58:08,048: INFO: common: created directory at: artifacts]
[2026-05-27 19:58:08,048: INFO: common: created directory at: artifacts/model_evaluation]
[2026-05-27 19:58:08,048: ERROR: model_evaluator_pipeline: name 'MLFLOW_TRACKING_URI_ENV' is not defined]
Traceback (most recent call last):
  File "/Users/xenan.bilgin/Projects/MLops/mlops-project1-wine-quality/src/mlops1_data_science_project/pipeline/model_evaluator_pipeline.py", line 13, in initiate_model_evaluation
    model_eval_config = config_manager.get_model_eval_config()
                        ^^^^^^^^^^^^^^^^^^^^^^^^^^^^^^^^^^^^^^
  File "/Users/xenan.bilgin/Projects/MLops/mlops-project1-wine-quality/src/mlops1_data_science_project/config/configuration.py", line 94, in get_model_eval_config
    mlflow_uri = os.getenv(MLFLOW_TRACKING_URI_ENV)
                           ^^^^^^^^^^^^^^^^^^^^^^^
NameError: name 'MLFLOW_TRACKING_URI_ENV' is not defined. Did you mean: 'MLFLOW_TRACKING_URI'?
[2026-05-27 19:58:08,049: ERROR: main: name 'MLFLOW_TRACKING_URI_ENV' is not defined]
Traceback (most recent call last):
  File "/Users/xenan.bilgin/Projects/MLops/mlops-project1-wine-quality/main.py", line 64, in <module>
    pipeline.initiate_model_evaluation()
  File "/Users/xenan.bilgin/Projects/MLops/mlops-project1-wine-quality/src/mlops1_data_science_project/pipeline/model_evaluator_pipeline.py", line 18, in initiate_model_evaluation
    raise e
  File "/Users/xenan.bilgin/Projects/MLops/mlops-project1-wine-quality/src/mlops1_data_science_project/pipeline/model_evaluator_pipeline.py", line 13, in initiate_model_evaluation
    model_eval_config = config_manager.get_model_eval_config()
                        ^^^^^^^^^^^^^^^^^^^^^^^^^^^^^^^^^^^^^^
  File "/Users/xenan.bilgin/Projects/MLops/mlops-project1-wine-quality/src/mlops1_data_science_project/config/configuration.py", line 94, in get_model_eval_config
    mlflow_uri = os.getenv(MLFLOW_TRACKING_URI_ENV)
                           ^^^^^^^^^^^^^^^^^^^^^^^
NameError: name 'MLFLOW_TRACKING_URI_ENV' is not defined. Did you mean: 'MLFLOW_TRACKING_URI'?
[2026-05-27 19:58:32,613: INFO: main: >>>>>>> Stage Data Ingestion Stage started <<<<<<<]
[2026-05-27 19:58:32,613: INFO: common: yaml file: config/config.yaml loaded successfully]
[2026-05-27 19:58:32,614: INFO: common: yaml file: params.yaml loaded successfully]
[2026-05-27 19:58:32,614: INFO: common: yaml file: schema.yaml loaded successfully]
[2026-05-27 19:58:32,614: INFO: common: created directory at: artifacts]
[2026-05-27 19:58:32,614: INFO: common: created directory at: artifacts/data_ingestion]
[2026-05-27 19:58:32,614: INFO: data_ingestion: File already exists]
[2026-05-27 19:58:32,615: INFO: main: >>>>>>> Stage Data Ingestion Stage completed <<<<<<<

x==========x]
[2026-05-27 19:58:32,615: INFO: main: >>>>>>> Stage Data Validation Stage started <<<<<<<]
[2026-05-27 19:58:32,615: INFO: common: yaml file: config/config.yaml loaded successfully]
[2026-05-27 19:58:32,615: INFO: common: yaml file: params.yaml loaded successfully]
[2026-05-27 19:58:32,616: INFO: common: yaml file: schema.yaml loaded successfully]
[2026-05-27 19:58:32,616: INFO: common: created directory at: artifacts]
[2026-05-27 19:58:32,616: INFO: common: created directory at: artifacts/data_validation]
[2026-05-27 19:58:32,617: INFO: data_validation: All columns are valid]
[2026-05-27 19:58:32,618: INFO: main: >>>>>>> Stage Data Validation Stage completed <<<<<<<

x==========x]
[2026-05-27 19:58:32,618: INFO: main: >>>>>>> Stage Data Transformation Stage started <<<<<<<]
[2026-05-27 19:58:32,618: INFO: data_transformation_pipeline: Data validation successful. Proceeding with data transformation.]
[2026-05-27 19:58:32,618: INFO: common: yaml file: config/config.yaml loaded successfully]
[2026-05-27 19:58:32,618: INFO: common: yaml file: params.yaml loaded successfully]
[2026-05-27 19:58:32,619: INFO: common: yaml file: schema.yaml loaded successfully]
[2026-05-27 19:58:32,619: INFO: common: created directory at: artifacts]
[2026-05-27 19:58:32,619: INFO: common: created directory at: artifacts/data_transformation]
[2026-05-27 19:58:32,625: INFO: data_transformation: Splited data into training and test sets]
[2026-05-27 19:58:32,625: INFO: data_transformation: (1199, 12)]
[2026-05-27 19:58:32,625: INFO: data_transformation: (400, 12)]
[2026-05-27 19:58:32,625: INFO: main: >>>>>>> Stage Data Transformation Stage completed <<<<<<<

x==========x]
[2026-05-27 19:58:32,625: INFO: main: >>>>>>> Stage Model Trainer Stage started <<<<<<<]
[2026-05-27 19:58:32,626: INFO: common: yaml file: config/config.yaml loaded successfully]
[2026-05-27 19:58:32,626: INFO: common: yaml file: params.yaml loaded successfully]
[2026-05-27 19:58:32,626: INFO: common: yaml file: schema.yaml loaded successfully]
[2026-05-27 19:58:32,626: INFO: common: created directory at: artifacts]
[2026-05-27 19:58:32,626: INFO: common: created directory at: artifacts/model_trainer]
[2026-05-27 19:58:32,629: INFO: main: >>>>>>> Stage Model Trainer Stage completed <<<<<<<

x==========x]
[2026-05-27 19:58:32,629: INFO: main: >>>>>>> Stage Model Evaluation Stage started <<<<<<<]
[2026-05-27 19:58:32,630: INFO: common: yaml file: config/config.yaml loaded successfully]
[2026-05-27 19:58:32,630: INFO: common: yaml file: params.yaml loaded successfully]
[2026-05-27 19:58:32,630: INFO: common: yaml file: schema.yaml loaded successfully]
[2026-05-27 19:58:32,630: INFO: common: created directory at: artifacts]
[2026-05-27 19:58:32,630: INFO: common: created directory at: artifacts/model_evaluation]
[2026-05-27 19:58:33,804: INFO: common: json file saved at: artifacts/model_evaluation/metrics.json]
[2026-05-27 19:58:37,484: ERROR: model_evaluator_pipeline: save_model() got an unexpected keyword argument 'register_model_name']
Traceback (most recent call last):
  File "/Users/xenan.bilgin/Projects/MLops/mlops-project1-wine-quality/src/mlops1_data_science_project/pipeline/model_evaluator_pipeline.py", line 15, in initiate_model_evaluation
    model_evaluator.log_mlflow()
  File "/Users/xenan.bilgin/Projects/MLops/mlops-project1-wine-quality/src/mlops1_data_science_project/components/model_evaluator.py", line 53, in log_mlflow
    mlflow.sklearn.log_model(
  File "/Users/xenan.bilgin/Projects/MLops/mlops-project1-wine-quality/venv/lib/python3.12/site-packages/mlflow/sklearn/__init__.py", line 478, in log_model
    return Model.log(
           ^^^^^^^^^^
  File "/Users/xenan.bilgin/Projects/MLops/mlops-project1-wine-quality/venv/lib/python3.12/site-packages/mlflow/models/model.py", line 1217, in log
    flavor.save_model(path=local_path, mlflow_model=mlflow_model, **kwargs)
TypeError: save_model() got an unexpected keyword argument 'register_model_name'
[2026-05-27 19:58:37,486: ERROR: main: save_model() got an unexpected keyword argument 'register_model_name']
Traceback (most recent call last):
  File "/Users/xenan.bilgin/Projects/MLops/mlops-project1-wine-quality/main.py", line 64, in <module>
    pipeline.initiate_model_evaluation()
  File "/Users/xenan.bilgin/Projects/MLops/mlops-project1-wine-quality/src/mlops1_data_science_project/pipeline/model_evaluator_pipeline.py", line 18, in initiate_model_evaluation
    raise e
  File "/Users/xenan.bilgin/Projects/MLops/mlops-project1-wine-quality/src/mlops1_data_science_project/pipeline/model_evaluator_pipeline.py", line 15, in initiate_model_evaluation
    model_evaluator.log_mlflow()
  File "/Users/xenan.bilgin/Projects/MLops/mlops-project1-wine-quality/src/mlops1_data_science_project/components/model_evaluator.py", line 53, in log_mlflow
    mlflow.sklearn.log_model(
  File "/Users/xenan.bilgin/Projects/MLops/mlops-project1-wine-quality/venv/lib/python3.12/site-packages/mlflow/sklearn/__init__.py", line 478, in log_model
    return Model.log(
           ^^^^^^^^^^
  File "/Users/xenan.bilgin/Projects/MLops/mlops-project1-wine-quality/venv/lib/python3.12/site-packages/mlflow/models/model.py", line 1217, in log
    flavor.save_model(path=local_path, mlflow_model=mlflow_model, **kwargs)
TypeError: save_model() got an unexpected keyword argument 'register_model_name'
[2026-05-27 19:59:34,775: INFO: main: >>>>>>> Stage Data Ingestion Stage started <<<<<<<]
[2026-05-27 19:59:34,775: INFO: common: yaml file: config/config.yaml loaded successfully]
[2026-05-27 19:59:34,776: INFO: common: yaml file: params.yaml loaded successfully]
[2026-05-27 19:59:34,776: INFO: common: yaml file: schema.yaml loaded successfully]
[2026-05-27 19:59:34,776: INFO: common: created directory at: artifacts]
[2026-05-27 19:59:34,776: INFO: common: created directory at: artifacts/data_ingestion]
[2026-05-27 19:59:34,776: INFO: data_ingestion: File already exists]
[2026-05-27 19:59:34,776: INFO: main: >>>>>>> Stage Data Ingestion Stage completed <<<<<<<

x==========x]
[2026-05-27 19:59:34,777: INFO: main: >>>>>>> Stage Data Validation Stage started <<<<<<<]
[2026-05-27 19:59:34,777: INFO: common: yaml file: config/config.yaml loaded successfully]
[2026-05-27 19:59:34,777: INFO: common: yaml file: params.yaml loaded successfully]
[2026-05-27 19:59:34,778: INFO: common: yaml file: schema.yaml loaded successfully]
[2026-05-27 19:59:34,778: INFO: common: created directory at: artifacts]
[2026-05-27 19:59:34,778: INFO: common: created directory at: artifacts/data_validation]
[2026-05-27 19:59:34,779: INFO: data_validation: All columns are valid]
[2026-05-27 19:59:34,779: INFO: main: >>>>>>> Stage Data Validation Stage completed <<<<<<<

x==========x]
[2026-05-27 19:59:34,779: INFO: main: >>>>>>> Stage Data Transformation Stage started <<<<<<<]
[2026-05-27 19:59:34,779: INFO: data_transformation_pipeline: Data validation successful. Proceeding with data transformation.]
[2026-05-27 19:59:34,780: INFO: common: yaml file: config/config.yaml loaded successfully]
[2026-05-27 19:59:34,780: INFO: common: yaml file: params.yaml loaded successfully]
[2026-05-27 19:59:34,780: INFO: common: yaml file: schema.yaml loaded successfully]
[2026-05-27 19:59:34,780: INFO: common: created directory at: artifacts]
[2026-05-27 19:59:34,781: INFO: common: created directory at: artifacts/data_transformation]
[2026-05-27 19:59:34,786: INFO: data_transformation: Splited data into training and test sets]
[2026-05-27 19:59:34,787: INFO: data_transformation: (1199, 12)]
[2026-05-27 19:59:34,787: INFO: data_transformation: (400, 12)]
[2026-05-27 19:59:34,787: INFO: main: >>>>>>> Stage Data Transformation Stage completed <<<<<<<

x==========x]
[2026-05-27 19:59:34,787: INFO: main: >>>>>>> Stage Model Trainer Stage started <<<<<<<]
[2026-05-27 19:59:34,787: INFO: common: yaml file: config/config.yaml loaded successfully]
[2026-05-27 19:59:34,787: INFO: common: yaml file: params.yaml loaded successfully]
[2026-05-27 19:59:34,788: INFO: common: yaml file: schema.yaml loaded successfully]
[2026-05-27 19:59:34,788: INFO: common: created directory at: artifacts]
[2026-05-27 19:59:34,788: INFO: common: created directory at: artifacts/model_trainer]
[2026-05-27 19:59:34,790: INFO: main: >>>>>>> Stage Model Trainer Stage completed <<<<<<<

x==========x]
[2026-05-27 19:59:34,790: INFO: main: >>>>>>> Stage Model Evaluation Stage started <<<<<<<]
[2026-05-27 19:59:34,791: INFO: common: yaml file: config/config.yaml loaded successfully]
[2026-05-27 19:59:34,791: INFO: common: yaml file: params.yaml loaded successfully]
[2026-05-27 19:59:34,791: INFO: common: yaml file: schema.yaml loaded successfully]
[2026-05-27 19:59:34,791: INFO: common: created directory at: artifacts]
[2026-05-27 19:59:34,791: INFO: common: created directory at: artifacts/model_evaluation]
[2026-05-27 19:59:35,986: INFO: common: json file saved at: artifacts/model_evaluation/metrics.json]
[2026-05-27 19:59:44,825: INFO: main: >>>>>>> Stage Model Evaluation Stage completed <<<<<<<

x==========x]
[2026-05-27 20:00:41,746: INFO: main: >>>>>>> Stage Data Ingestion Stage started <<<<<<<]
[2026-05-27 20:00:41,747: INFO: common: yaml file: config/config.yaml loaded successfully]
[2026-05-27 20:00:41,748: INFO: common: yaml file: params.yaml loaded successfully]
[2026-05-27 20:00:41,748: INFO: common: yaml file: schema.yaml loaded successfully]
[2026-05-27 20:00:41,748: INFO: common: created directory at: artifacts]
[2026-05-27 20:00:41,748: INFO: common: created directory at: artifacts/data_ingestion]
[2026-05-27 20:00:41,748: INFO: data_ingestion: File already exists]
[2026-05-27 20:00:41,748: INFO: main: >>>>>>> Stage Data Ingestion Stage completed <<<<<<<

x==========x]
[2026-05-27 20:00:41,749: INFO: main: >>>>>>> Stage Data Validation Stage started <<<<<<<]
[2026-05-27 20:00:41,749: INFO: common: yaml file: config/config.yaml loaded successfully]
[2026-05-27 20:00:41,749: INFO: common: yaml file: params.yaml loaded successfully]
[2026-05-27 20:00:41,750: INFO: common: yaml file: schema.yaml loaded successfully]
[2026-05-27 20:00:41,750: INFO: common: created directory at: artifacts]
[2026-05-27 20:00:41,750: INFO: common: created directory at: artifacts/data_validation]
[2026-05-27 20:00:41,751: INFO: data_validation: All columns are valid]
[2026-05-27 20:00:41,751: INFO: main: >>>>>>> Stage Data Validation Stage completed <<<<<<<

x==========x]
[2026-05-27 20:00:41,751: INFO: main: >>>>>>> Stage Data Transformation Stage started <<<<<<<]
[2026-05-27 20:00:41,751: INFO: data_transformation_pipeline: Data validation successful. Proceeding with data transformation.]
[2026-05-27 20:00:41,752: INFO: common: yaml file: config/config.yaml loaded successfully]
[2026-05-27 20:00:41,752: INFO: common: yaml file: params.yaml loaded successfully]
[2026-05-27 20:00:41,752: INFO: common: yaml file: schema.yaml loaded successfully]
[2026-05-27 20:00:41,752: INFO: common: created directory at: artifacts]
[2026-05-27 20:00:41,753: INFO: common: created directory at: artifacts/data_transformation]
[2026-05-27 20:00:41,759: INFO: data_transformation: Splited data into training and test sets]
[2026-05-27 20:00:41,759: INFO: data_transformation: (1199, 12)]
[2026-05-27 20:00:41,759: INFO: data_transformation: (400, 12)]
[2026-05-27 20:00:41,759: INFO: main: >>>>>>> Stage Data Transformation Stage completed <<<<<<<

x==========x]
[2026-05-27 20:00:41,759: INFO: main: >>>>>>> Stage Model Trainer Stage started <<<<<<<]
[2026-05-27 20:00:41,759: INFO: common: yaml file: config/config.yaml loaded successfully]
[2026-05-27 20:00:41,759: INFO: common: yaml file: params.yaml loaded successfully]
[2026-05-27 20:00:41,760: INFO: common: yaml file: schema.yaml loaded successfully]
[2026-05-27 20:00:41,760: INFO: common: created directory at: artifacts]
[2026-05-27 20:00:41,760: INFO: common: created directory at: artifacts/model_trainer]
[2026-05-27 20:00:41,762: INFO: main: >>>>>>> Stage Model Trainer Stage completed <<<<<<<

x==========x]
[2026-05-27 20:00:41,762: INFO: main: >>>>>>> Stage Model Evaluation Stage started <<<<<<<]
[2026-05-27 20:00:41,763: INFO: common: yaml file: config/config.yaml loaded successfully]
[2026-05-27 20:00:41,763: INFO: common: yaml file: params.yaml loaded successfully]
[2026-05-27 20:00:41,763: INFO: common: yaml file: schema.yaml loaded successfully]
[2026-05-27 20:00:41,763: INFO: common: created directory at: artifacts]
[2026-05-27 20:00:41,764: INFO: common: created directory at: artifacts/model_evaluation]
[2026-05-27 20:00:42,803: INFO: common: json file saved at: artifacts/model_evaluation/metrics.json]
[2026-05-27 20:00:51,083: INFO: main: >>>>>>> Stage Model Evaluation Stage completed <<<<<<<

x==========x]
[2026-05-27 20:01:38,983: INFO: main: >>>>>>> Stage Data Ingestion Stage started <<<<<<<]
[2026-05-27 20:01:38,983: INFO: common: yaml file: config/config.yaml loaded successfully]
[2026-05-27 20:01:38,984: INFO: common: yaml file: params.yaml loaded successfully]
[2026-05-27 20:01:38,984: INFO: common: yaml file: schema.yaml loaded successfully]
[2026-05-27 20:01:38,984: INFO: common: created directory at: artifacts]
[2026-05-27 20:01:38,984: INFO: common: created directory at: artifacts/data_ingestion]
[2026-05-27 20:01:38,984: INFO: data_ingestion: File already exists]
[2026-05-27 20:01:38,985: INFO: main: >>>>>>> Stage Data Ingestion Stage completed <<<<<<<

x==========x]
[2026-05-27 20:01:38,985: INFO: main: >>>>>>> Stage Data Validation Stage started <<<<<<<]
[2026-05-27 20:01:38,986: INFO: common: yaml file: config/config.yaml loaded successfully]
[2026-05-27 20:01:38,986: INFO: common: yaml file: params.yaml loaded successfully]
[2026-05-27 20:01:38,986: INFO: common: yaml file: schema.yaml loaded successfully]
[2026-05-27 20:01:38,986: INFO: common: created directory at: artifacts]
[2026-05-27 20:01:38,987: INFO: common: created directory at: artifacts/data_validation]
[2026-05-27 20:01:38,988: INFO: data_validation: All columns are valid]
[2026-05-27 20:01:38,988: INFO: main: >>>>>>> Stage Data Validation Stage completed <<<<<<<

x==========x]
[2026-05-27 20:01:38,988: INFO: main: >>>>>>> Stage Data Transformation Stage started <<<<<<<]
[2026-05-27 20:01:38,988: INFO: data_transformation_pipeline: Data validation successful. Proceeding with data transformation.]
[2026-05-27 20:01:38,989: INFO: common: yaml file: config/config.yaml loaded successfully]
[2026-05-27 20:01:38,989: INFO: common: yaml file: params.yaml loaded successfully]
[2026-05-27 20:01:38,990: INFO: common: yaml file: schema.yaml loaded successfully]
[2026-05-27 20:01:38,990: INFO: common: created directory at: artifacts]
[2026-05-27 20:01:38,990: INFO: common: created directory at: artifacts/data_transformation]
[2026-05-27 20:01:38,996: INFO: data_transformation: Splited data into training and test sets]
[2026-05-27 20:01:38,996: INFO: data_transformation: (1199, 12)]
[2026-05-27 20:01:38,996: INFO: data_transformation: (400, 12)]
[2026-05-27 20:01:38,996: INFO: main: >>>>>>> Stage Data Transformation Stage completed <<<<<<<

x==========x]
[2026-05-27 20:01:38,996: INFO: main: >>>>>>> Stage Model Trainer Stage started <<<<<<<]
[2026-05-27 20:01:38,997: INFO: common: yaml file: config/config.yaml loaded successfully]
[2026-05-27 20:01:38,997: INFO: common: yaml file: params.yaml loaded successfully]
[2026-05-27 20:01:38,998: INFO: common: yaml file: schema.yaml loaded successfully]
[2026-05-27 20:01:38,998: INFO: common: created directory at: artifacts]
[2026-05-27 20:01:38,998: INFO: common: created directory at: artifacts/model_trainer]
[2026-05-27 20:01:39,000: INFO: main: >>>>>>> Stage Model Trainer Stage completed <<<<<<<

x==========x]
[2026-05-27 20:01:39,000: INFO: main: >>>>>>> Stage Model Evaluation Stage started <<<<<<<]
[2026-05-27 20:01:39,000: INFO: common: yaml file: config/config.yaml loaded successfully]
[2026-05-27 20:01:39,001: INFO: common: yaml file: params.yaml loaded successfully]
[2026-05-27 20:01:39,001: INFO: common: yaml file: schema.yaml loaded successfully]
[2026-05-27 20:01:39,001: INFO: common: created directory at: artifacts]
[2026-05-27 20:01:39,001: INFO: common: created directory at: artifacts/model_evaluation]
[2026-05-27 20:01:40,002: INFO: common: json file saved at: artifacts/model_evaluation/metrics.json]
[2026-05-27 20:01:48,260: INFO: main: >>>>>>> Stage Model Evaluation Stage completed <<<<<<<

x==========x]
[2026-05-27 20:03:42,675: INFO: main: >>>>>>> Stage Data Ingestion Stage started <<<<<<<]
[2026-05-27 20:03:42,676: INFO: common: yaml file: config/config.yaml loaded successfully]
[2026-05-27 20:03:42,676: INFO: common: yaml file: params.yaml loaded successfully]
[2026-05-27 20:03:42,677: INFO: common: yaml file: schema.yaml loaded successfully]
[2026-05-27 20:03:42,677: INFO: common: created directory at: artifacts]
[2026-05-27 20:03:42,677: INFO: common: created directory at: artifacts/data_ingestion]
[2026-05-27 20:03:42,677: INFO: data_ingestion: File already exists]
[2026-05-27 20:03:42,677: INFO: main: >>>>>>> Stage Data Ingestion Stage completed <<<<<<<

x==========x]
[2026-05-27 20:03:42,677: INFO: main: >>>>>>> Stage Data Validation Stage started <<<<<<<]
[2026-05-27 20:03:42,678: INFO: common: yaml file: config/config.yaml loaded successfully]
[2026-05-27 20:03:42,678: INFO: common: yaml file: params.yaml loaded successfully]
[2026-05-27 20:03:42,678: INFO: common: yaml file: schema.yaml loaded successfully]
[2026-05-27 20:03:42,678: INFO: common: created directory at: artifacts]
[2026-05-27 20:03:42,678: INFO: common: created directory at: artifacts/data_validation]
[2026-05-27 20:03:42,680: INFO: data_validation: All columns are valid]
[2026-05-27 20:03:42,680: INFO: main: >>>>>>> Stage Data Validation Stage completed <<<<<<<

x==========x]
[2026-05-27 20:03:42,680: INFO: main: >>>>>>> Stage Data Transformation Stage started <<<<<<<]
[2026-05-27 20:03:42,680: INFO: data_transformation_pipeline: Data validation successful. Proceeding with data transformation.]
[2026-05-27 20:03:42,681: INFO: common: yaml file: config/config.yaml loaded successfully]
[2026-05-27 20:03:42,681: INFO: common: yaml file: params.yaml loaded successfully]
[2026-05-27 20:03:42,681: INFO: common: yaml file: schema.yaml loaded successfully]
[2026-05-27 20:03:42,681: INFO: common: created directory at: artifacts]
[2026-05-27 20:03:42,681: INFO: common: created directory at: artifacts/data_transformation]
[2026-05-27 20:03:42,687: INFO: data_transformation: Splited data into training and test sets]
[2026-05-27 20:03:42,687: INFO: data_transformation: (1199, 12)]
[2026-05-27 20:03:42,687: INFO: data_transformation: (400, 12)]
[2026-05-27 20:03:42,687: INFO: main: >>>>>>> Stage Data Transformation Stage completed <<<<<<<

x==========x]
[2026-05-27 20:03:42,687: INFO: main: >>>>>>> Stage Model Trainer Stage started <<<<<<<]
[2026-05-27 20:03:42,688: INFO: common: yaml file: config/config.yaml loaded successfully]
[2026-05-27 20:03:42,688: INFO: common: yaml file: params.yaml loaded successfully]
[2026-05-27 20:03:42,688: INFO: common: yaml file: schema.yaml loaded successfully]
[2026-05-27 20:03:42,688: INFO: common: created directory at: artifacts]
[2026-05-27 20:03:42,688: INFO: common: created directory at: artifacts/model_trainer]
[2026-05-27 20:03:42,690: INFO: main: >>>>>>> Stage Model Trainer Stage completed <<<<<<<

x==========x]
[2026-05-27 20:03:42,690: INFO: main: >>>>>>> Stage Model Evaluation Stage started <<<<<<<]
[2026-05-27 20:03:42,691: INFO: common: yaml file: config/config.yaml loaded successfully]
[2026-05-27 20:03:42,691: INFO: common: yaml file: params.yaml loaded successfully]
[2026-05-27 20:03:42,692: INFO: common: yaml file: schema.yaml loaded successfully]
[2026-05-27 20:03:42,692: INFO: common: created directory at: artifacts]
[2026-05-27 20:03:42,692: INFO: common: created directory at: artifacts/model_evaluation]
[2026-05-27 20:03:43,717: INFO: common: json file saved at: artifacts/model_evaluation/metrics.json]
[2026-05-27 20:03:51,700: INFO: main: >>>>>>> Stage Model Evaluation Stage completed <<<<<<<

x==========x]
[2026-05-27 20:10:02,588: INFO: main: >>>>>>> Stage Data Ingestion Stage started <<<<<<<]
[2026-05-27 20:10:02,589: INFO: common: yaml file: config/config.yaml loaded successfully]
[2026-05-27 20:10:02,589: INFO: common: yaml file: params.yaml loaded successfully]
[2026-05-27 20:10:02,589: INFO: common: yaml file: schema.yaml loaded successfully]
[2026-05-27 20:10:02,590: INFO: common: created directory at: artifacts]
[2026-05-27 20:10:02,590: INFO: common: created directory at: artifacts/data_ingestion]
[2026-05-27 20:10:02,590: INFO: data_ingestion: File already exists]
[2026-05-27 20:10:02,590: INFO: main: >>>>>>> Stage Data Ingestion Stage completed <<<<<<<

x==========x]
[2026-05-27 20:10:02,590: INFO: main: >>>>>>> Stage Data Validation Stage started <<<<<<<]
[2026-05-27 20:10:02,591: INFO: common: yaml file: config/config.yaml loaded successfully]
[2026-05-27 20:10:02,591: INFO: common: yaml file: params.yaml loaded successfully]
[2026-05-27 20:10:02,591: INFO: common: yaml file: schema.yaml loaded successfully]
[2026-05-27 20:10:02,591: INFO: common: created directory at: artifacts]
[2026-05-27 20:10:02,591: INFO: common: created directory at: artifacts/data_validation]
[2026-05-27 20:10:02,593: INFO: data_validation: All columns are valid]
[2026-05-27 20:10:02,593: INFO: main: >>>>>>> Stage Data Validation Stage completed <<<<<<<

x==========x]
[2026-05-27 20:10:02,593: INFO: main: >>>>>>> Stage Data Transformation Stage started <<<<<<<]
[2026-05-27 20:10:02,593: INFO: data_transformation_pipeline: Data validation successful. Proceeding with data transformation.]
[2026-05-27 20:10:02,594: INFO: common: yaml file: config/config.yaml loaded successfully]
[2026-05-27 20:10:02,594: INFO: common: yaml file: params.yaml loaded successfully]
[2026-05-27 20:10:02,594: INFO: common: yaml file: schema.yaml loaded successfully]
[2026-05-27 20:10:02,594: INFO: common: created directory at: artifacts]
[2026-05-27 20:10:02,595: INFO: common: created directory at: artifacts/data_transformation]
[2026-05-27 20:10:02,601: INFO: data_transformation: Splited data into training and test sets]
[2026-05-27 20:10:02,601: INFO: data_transformation: (1199, 12)]
[2026-05-27 20:10:02,601: INFO: data_transformation: (400, 12)]
[2026-05-27 20:10:02,601: INFO: main: >>>>>>> Stage Data Transformation Stage completed <<<<<<<

x==========x]
[2026-05-27 20:10:02,601: INFO: main: >>>>>>> Stage Model Trainer Stage started <<<<<<<]
[2026-05-27 20:10:02,601: INFO: common: yaml file: config/config.yaml loaded successfully]
[2026-05-27 20:10:02,601: INFO: common: yaml file: params.yaml loaded successfully]
[2026-05-27 20:10:02,602: INFO: common: yaml file: schema.yaml loaded successfully]
[2026-05-27 20:10:02,602: INFO: common: created directory at: artifacts]
[2026-05-27 20:10:02,602: INFO: common: created directory at: artifacts/model_trainer]
[2026-05-27 20:10:02,604: INFO: main: >>>>>>> Stage Model Trainer Stage completed <<<<<<<

x==========x]
[2026-05-27 20:10:02,604: INFO: main: >>>>>>> Stage Model Evaluation Stage started <<<<<<<]
[2026-05-27 20:10:02,605: INFO: common: yaml file: config/config.yaml loaded successfully]
[2026-05-27 20:10:02,605: INFO: common: yaml file: params.yaml loaded successfully]
[2026-05-27 20:10:02,605: INFO: common: yaml file: schema.yaml loaded successfully]
[2026-05-27 20:10:02,605: INFO: common: created directory at: artifacts]
[2026-05-27 20:10:02,605: INFO: common: created directory at: artifacts/model_evaluation]
[2026-05-27 20:10:03,727: INFO: common: json file saved at: artifacts/model_evaluation/metrics.json]
[2026-05-27 20:10:12,588: INFO: main: >>>>>>> Stage Model Evaluation Stage completed <<<<<<<

x==========x]
[2026-05-27 20:20:59,867: INFO: _internal: [31m[1mWARNING: This is a development server. Do not use it in a production deployment. Use a production WSGI server instead.[0m
 * Running on all addresses (0.0.0.0)
 * Running on http://127.0.0.1:5008
 * Running on http://192.168.1.61:5008]
[2026-05-27 20:20:59,868: INFO: _internal: [33mPress CTRL+C to quit[0m]
[2026-05-27 20:21:02,145: INFO: _internal: 127.0.0.1 - - [27/May/2026 20:21:02] "GET / HTTP/1.1" 200 -]
[2026-05-27 20:21:47,645: INFO: _internal: 127.0.0.1 - - [27/May/2026 20:21:47] "POST /predict HTTP/1.1" 200 -]
[2026-05-27 20:22:12,209: INFO: _internal: 192.168.1.61 - - [27/May/2026 20:22:12] "GET / HTTP/1.1" 200 -]
[2026-05-27 20:22:12,342: INFO: _internal: 192.168.1.61 - - [27/May/2026 20:22:12] "[33mGET /favicon.ico HTTP/1.1[0m" 404 -]
[2026-05-27 20:22:37,485: INFO: main: >>>>>>> Stage Data Ingestion Stage started <<<<<<<]
[2026-05-27 20:22:37,486: INFO: common: yaml file: config/config.yaml loaded successfully]
[2026-05-27 20:22:37,486: INFO: common: yaml file: params.yaml loaded successfully]
[2026-05-27 20:22:37,487: INFO: common: yaml file: schema.yaml loaded successfully]
[2026-05-27 20:22:37,487: INFO: common: created directory at: artifacts]
[2026-05-27 20:22:37,487: INFO: common: created directory at: artifacts/data_ingestion]
[2026-05-27 20:22:37,487: INFO: data_ingestion: File already exists]
[2026-05-27 20:22:37,488: INFO: main: >>>>>>> Stage Data Ingestion Stage completed <<<<<<<

x==========x]
[2026-05-27 20:22:37,488: INFO: main: >>>>>>> Stage Data Validation Stage started <<<<<<<]
[2026-05-27 20:22:37,488: INFO: common: yaml file: config/config.yaml loaded successfully]
[2026-05-27 20:22:37,488: INFO: common: yaml file: params.yaml loaded successfully]
[2026-05-27 20:22:37,489: INFO: common: yaml file: schema.yaml loaded successfully]
[2026-05-27 20:22:37,489: INFO: common: created directory at: artifacts]
[2026-05-27 20:22:37,489: INFO: common: created directory at: artifacts/data_validation]
[2026-05-27 20:22:37,491: INFO: data_validation: All columns are valid]
[2026-05-27 20:22:37,491: INFO: main: >>>>>>> Stage Data Validation Stage completed <<<<<<<

x==========x]
[2026-05-27 20:22:37,491: INFO: main: >>>>>>> Stage Data Transformation Stage started <<<<<<<]
[2026-05-27 20:22:37,491: INFO: data_transformation_pipeline: Data validation successful. Proceeding with data transformation.]
[2026-05-27 20:22:37,491: INFO: common: yaml file: config/config.yaml loaded successfully]
[2026-05-27 20:22:37,491: INFO: common: yaml file: params.yaml loaded successfully]
[2026-05-27 20:22:37,492: INFO: common: yaml file: schema.yaml loaded successfully]
[2026-05-27 20:22:37,492: INFO: common: created directory at: artifacts]
[2026-05-27 20:22:37,492: INFO: common: created directory at: artifacts/data_transformation]
[2026-05-27 20:22:37,498: INFO: data_transformation: Splited data into training and test sets]
[2026-05-27 20:22:37,498: INFO: data_transformation: (1199, 12)]
[2026-05-27 20:22:37,498: INFO: data_transformation: (400, 12)]
[2026-05-27 20:22:37,498: INFO: main: >>>>>>> Stage Data Transformation Stage completed <<<<<<<

x==========x]
[2026-05-27 20:22:37,498: INFO: main: >>>>>>> Stage Model Trainer Stage started <<<<<<<]
[2026-05-27 20:22:37,499: INFO: common: yaml file: config/config.yaml loaded successfully]
[2026-05-27 20:22:37,499: INFO: common: yaml file: params.yaml loaded successfully]
[2026-05-27 20:22:37,499: INFO: common: yaml file: schema.yaml loaded successfully]
[2026-05-27 20:22:37,499: INFO: common: created directory at: artifacts]
[2026-05-27 20:22:37,499: INFO: common: created directory at: artifacts/model_trainer]
[2026-05-27 20:22:37,502: INFO: main: >>>>>>> Stage Model Trainer Stage completed <<<<<<<

x==========x]
[2026-05-27 20:22:37,502: INFO: main: >>>>>>> Stage Model Evaluation Stage started <<<<<<<]
[2026-05-27 20:22:37,502: INFO: common: yaml file: config/config.yaml loaded successfully]
[2026-05-27 20:22:37,502: INFO: common: yaml file: params.yaml loaded successfully]
[2026-05-27 20:22:37,503: INFO: common: yaml file: schema.yaml loaded successfully]
[2026-05-27 20:22:37,503: INFO: common: created directory at: artifacts]
[2026-05-27 20:22:37,503: INFO: common: created directory at: artifacts/model_evaluation]
[2026-05-27 20:22:38,725: INFO: common: json file saved at: artifacts/model_evaluation/metrics.json]
[2026-05-27 20:22:47,621: INFO: main: >>>>>>> Stage Model Evaluation Stage completed <<<<<<<

x==========x]
[2026-05-27 20:24:47,647: INFO: _internal: [31m[1mWARNING: This is a development server. Do not use it in a production deployment. Use a production WSGI server instead.[0m
 * Running on all addresses (0.0.0.0)
 * Running on http://127.0.0.1:5008
 * Running on http://192.168.1.61:5008]
[2026-05-27 20:24:47,647: INFO: _internal: [33mPress CTRL+C to quit[0m]
[2026-05-27 20:24:53,356: INFO: _internal: 192.168.1.61 - - [27/May/2026 20:24:53] "GET / HTTP/1.1" 200 -]
[2026-05-27 20:25:03,673: INFO: _internal: 192.168.1.61 - - [27/May/2026 20:25:03] "POST /predict HTTP/1.1" 200 -]
[2026-05-27 20:25:44,197: INFO: _internal: 192.168.1.61 - - [27/May/2026 20:25:44] "GET /predict HTTP/1.1" 200 -]
[2026-05-27 20:26:17,005: INFO: _internal: 192.168.1.61 - - [27/May/2026 20:26:17] "POST /predict HTTP/1.1" 200 -]
[2026-05-27 20:26:45,087: INFO: _internal: 192.168.1.61 - - [27/May/2026 20:26:45] "GET /predict HTTP/1.1" 200 -]
[2026-05-27 20:26:46,525: INFO: _internal: 192.168.1.61 - - [27/May/2026 20:26:46] "GET /predict HTTP/1.1" 200 -]
[2026-05-27 20:26:54,503: INFO: _internal: 192.168.1.61 - - [27/May/2026 20:26:54] "POST /predict HTTP/1.1" 200 -]
[2026-05-27 20:27:23,799: INFO: _internal: 192.168.1.61 - - [27/May/2026 20:27:23] "GET /predict HTTP/1.1" 200 -]
[2026-05-27 20:27:24,762: INFO: _internal: 192.168.1.61 - - [27/May/2026 20:27:24] "POST /predict HTTP/1.1" 200 -]
[2026-05-27 20:28:33,841: INFO: main: >>>>>>> Stage Data Ingestion Stage started <<<<<<<]
[2026-05-27 20:28:33,842: INFO: common: yaml file: config/config.yaml loaded successfully]
[2026-05-27 20:28:33,842: INFO: common: yaml file: params.yaml loaded successfully]
[2026-05-27 20:28:33,843: INFO: common: yaml file: schema.yaml loaded successfully]
[2026-05-27 20:28:33,843: INFO: common: created directory at: artifacts]
[2026-05-27 20:28:33,843: INFO: common: created directory at: artifacts/data_ingestion]
[2026-05-27 20:28:33,843: INFO: data_ingestion: File already exists]
[2026-05-27 20:28:33,844: INFO: main: >>>>>>> Stage Data Ingestion Stage completed <<<<<<<

x==========x]
[2026-05-27 20:28:33,844: INFO: main: >>>>>>> Stage Data Validation Stage started <<<<<<<]
[2026-05-27 20:28:33,844: INFO: common: yaml file: config/config.yaml loaded successfully]
[2026-05-27 20:28:33,844: INFO: common: yaml file: params.yaml loaded successfully]
[2026-05-27 20:28:33,845: INFO: common: yaml file: schema.yaml loaded successfully]
[2026-05-27 20:28:33,845: INFO: common: created directory at: artifacts]
[2026-05-27 20:28:33,845: INFO: common: created directory at: artifacts/data_validation]
[2026-05-27 20:28:33,846: INFO: data_validation: All columns are valid]
[2026-05-27 20:28:33,846: INFO: main: >>>>>>> Stage Data Validation Stage completed <<<<<<<

x==========x]
[2026-05-27 20:28:33,846: INFO: main: >>>>>>> Stage Data Transformation Stage started <<<<<<<]
[2026-05-27 20:28:33,846: INFO: data_transformation_pipeline: Data validation successful. Proceeding with data transformation.]
[2026-05-27 20:28:33,847: INFO: common: yaml file: config/config.yaml loaded successfully]
[2026-05-27 20:28:33,847: INFO: common: yaml file: params.yaml loaded successfully]
[2026-05-27 20:28:33,847: INFO: common: yaml file: schema.yaml loaded successfully]
[2026-05-27 20:28:33,847: INFO: common: created directory at: artifacts]
[2026-05-27 20:28:33,847: INFO: common: created directory at: artifacts/data_transformation]
[2026-05-27 20:28:33,854: INFO: data_transformation: Splited data into training and test sets]
[2026-05-27 20:28:33,854: INFO: data_transformation: (1199, 12)]
[2026-05-27 20:28:33,854: INFO: data_transformation: (400, 12)]
[2026-05-27 20:28:33,854: INFO: main: >>>>>>> Stage Data Transformation Stage completed <<<<<<<

x==========x]
[2026-05-27 20:28:33,854: INFO: main: >>>>>>> Stage Model Trainer Stage started <<<<<<<]
[2026-05-27 20:28:33,855: INFO: common: yaml file: config/config.yaml loaded successfully]
[2026-05-27 20:28:33,855: INFO: common: yaml file: params.yaml loaded successfully]
[2026-05-27 20:28:33,855: INFO: common: yaml file: schema.yaml loaded successfully]
[2026-05-27 20:28:33,855: INFO: common: created directory at: artifacts]
[2026-05-27 20:28:33,855: INFO: common: created directory at: artifacts/model_trainer]
[2026-05-27 20:28:33,858: INFO: main: >>>>>>> Stage Model Trainer Stage completed <<<<<<<

x==========x]
[2026-05-27 20:28:33,858: INFO: main: >>>>>>> Stage Model Evaluation Stage started <<<<<<<]
[2026-05-27 20:28:33,859: INFO: common: yaml file: config/config.yaml loaded successfully]
[2026-05-27 20:28:33,859: INFO: common: yaml file: params.yaml loaded successfully]
[2026-05-27 20:28:33,859: INFO: common: yaml file: schema.yaml loaded successfully]
[2026-05-27 20:28:33,859: INFO: common: created directory at: artifacts]
[2026-05-27 20:28:33,859: INFO: common: created directory at: artifacts/model_evaluation]
[2026-05-27 20:28:35,069: INFO: common: json file saved at: artifacts/model_evaluation/metrics.json]
[2026-05-27 20:28:43,679: INFO: main: >>>>>>> Stage Model Evaluation Stage completed <<<<<<<

x==========x]
[2026-05-27 20:28:56,303: INFO: _internal: 192.168.1.61 - - [27/May/2026 20:28:56] "GET /predict HTTP/1.1" 200 -]
[2026-05-27 20:29:02,573: INFO: _internal: 192.168.1.61 - - [27/May/2026 20:29:02] "POST /predict HTTP/1.1" 200 -]
[2026-05-27 20:29:03,688: INFO: _internal: 192.168.1.61 - - [27/May/2026 20:29:03] "GET /predict HTTP/1.1" 200 -]
[2026-05-27 20:29:04,230: INFO: _internal: 192.168.1.61 - - [27/May/2026 20:29:04] "GET /predict HTTP/1.1" 200 -]
[2026-05-27 20:29:12,319: INFO: _internal: 192.168.1.61 - - [27/May/2026 20:29:12] "POST /predict HTTP/1.1" 200 -]
[2026-05-27 20:29:57,485: INFO: _internal: [31m[1mWARNING: This is a development server. Do not use it in a production deployment. Use a production WSGI server instead.[0m
 * Running on all addresses (0.0.0.0)
 * Running on http://127.0.0.1:5008
 * Running on http://192.168.1.61:5008]
[2026-05-27 20:29:57,485: INFO: _internal: [33mPress CTRL+C to quit[0m]
[2026-05-27 20:29:59,017: INFO: _internal: 192.168.1.61 - - [27/May/2026 20:29:59] "GET /predict HTTP/1.1" 200 -]
[2026-05-27 20:30:07,482: INFO: _internal: 192.168.1.61 - - [27/May/2026 20:30:07] "POST /predict HTTP/1.1" 200 -]
[2026-05-27 20:30:09,918: INFO: _internal: 192.168.1.61 - - [27/May/2026 20:30:09] "GET / HTTP/1.1" 200 -]
[2026-05-27 20:31:12,598: INFO: _internal: 127.0.0.1 - - [27/May/2026 20:31:12] "GET / HTTP/1.1" 200 -]
[2026-05-27 20:31:24,176: INFO: _internal: 127.0.0.1 - - [27/May/2026 20:31:24] "POST /predict HTTP/1.1" 200 -]
[2026-05-27 20:31:38,987: INFO: _internal: 127.0.0.1 - - [27/May/2026 20:31:38] "GET / HTTP/1.1" 200 -]
